#-----------------------------------------------------------
# Vivado v2018.1 (64-bit)
# SW Build 2188600 on Wed Apr  4 18:40:38 MDT 2018
# IP Build 2185939 on Wed Apr  4 20:55:05 MDT 2018
# Start of session at: Thu May 18 20:36:31 2023
# Process ID: 12888
# Current directory: C:/Users/Lenovo/NanoProcessor
# Command line: vivado.exe -gui_launcher_event rodinguilauncherevent27160 C:\Users\Lenovo\NanoProcessor\NanoProcessor.xpr
# Log file: C:/Users/Lenovo/NanoProcessor/vivado.log
# Journal file: C:/Users/Lenovo/NanoProcessor\vivado.jou
#-----------------------------------------------------------
start_gui
open_project C:/Users/Lenovo/NanoProcessor/NanoProcessor.xpr
CRITICAL WARNING: [Project 1-19] Could not find the file 'C:/Users/Lenovo/NanoProcessor/NanoProcessor.srcs/sources_1/new/3_bit_MUX.vhd'.
Scanning sources...
Finished scanning sources
INFO: [IP_Flow 19-234] Refreshing IP repositories
INFO: [IP_Flow 19-1704] No user IP repositories specified
INFO: [IP_Flow 19-2313] Loaded Vivado IP repository 'C:/Xilinx/Vivado/2018.1/data/ip'.
open_project: Time (s): cpu = 00:00:04 ; elapsed = 00:00:10 . Memory (MB): peak = 791.488 ; gain = 98.492
update_compile_order -fileset sources_1
exit
INFO: [Common 17-206] Exiting Vivado at Thu May 18 20:39:40 2023...
